// Jest Snapshot v1, https://goo.gl/fbAQLP

exports[`TimesheetDays should render without registrations 1`] = `<DocumentFragment />`;
