// Jest Snapshot v1, https://goo.gl/fbAQLP

exports[`Export Page should render without registrations 1`] = `
<DocumentFragment>
  <div
    class="flex  vertical"
  >
    <div
      class="flex  horizontal"
      style="align-items: center; justify-content: space-between; width: 100%;"
    >
      <div
        class="flex  horizontal"
        style="margin: 1em;"
      >
        <div
          class="first formField"
        >
          <div
            class="date-select-year mdc-select mdc-select--outlined"
            role="listbox"
          >
            <div
              class="mdc-select__anchor"
            >
              <i
                class="mdc-select__dropdown-icon"
              />
              <div
                aria-disabled="false"
                aria-haspopup="listbox"
                class="mdc-select__selected-text"
                role="button"
                tabindex="-1"
              >
                2020
              </div>
              <div
                class="mdc-notched-outline mdc-notched-outline--upgraded"
                notch="0"
              >
                <div
                  class="mdc-notched-outline__leading"
                />
                <div
                  class="mdc-notched-outline__notch"
                >
                  <span
                    class="mdc-floating-label mdc-floating-label--float-above"
                    for="select-Year"
                    style="transition-duration: 0s;"
                  >
                    Year
                  </span>
                </div>
                <div
                  class="mdc-notched-outline__trailing"
                />
              </div>
              <select
                class="rmwc-select__native-control date-select-year"
                tabindex="0"
              >
                <option
                  value="2020"
                >
                  2020
                </option>
                <option
                  value="2019"
                >
                  2019
                </option>
                <option
                  value="2018"
                >
                  2018
                </option>
                <option
                  value="2017"
                >
                  2017
                </option>
                <option
                  value="2016"
                >
                  2016
                </option>
              </select>
            </div>
          </div>
        </div>
        <div
          class="formField"
        >
          <div
            class="date-select-month mdc-select mdc-select--outlined"
            role="listbox"
          >
            <div
              class="mdc-select__anchor"
            >
              <i
                class="mdc-select__dropdown-icon"
              />
              <div
                aria-disabled="false"
                aria-haspopup="listbox"
                class="mdc-select__selected-text"
                role="button"
                tabindex="-1"
              >
                September
              </div>
              <div
                class="mdc-notched-outline mdc-notched-outline--upgraded"
                notch="0"
              >
                <div
                  class="mdc-notched-outline__leading"
                />
                <div
                  class="mdc-notched-outline__notch"
                >
                  <span
                    class="mdc-floating-label mdc-floating-label--float-above"
                    for="select-Month"
                    style="transition-duration: 0s;"
                  >
                    Month
                  </span>
                </div>
                <div
                  class="mdc-notched-outline__trailing"
                />
              </div>
              <select
                class="rmwc-select__native-control date-select-month"
                tabindex="0"
              >
                <option
                  value="0"
                >
                  January
                </option>
                <option
                  value="1"
                >
                  February
                </option>
                <option
                  value="2"
                >
                  March
                </option>
                <option
                  value="3"
                >
                  April
                </option>
                <option
                  value="4"
                >
                  May
                </option>
                <option
                  value="5"
                >
                  June
                </option>
                <option
                  value="6"
                >
                  July
                </option>
                <option
                  value="7"
                >
                  August
                </option>
                <option
                  value="8"
                >
                  September
                </option>
                <option
                  value="9"
                >
                  October
                </option>
                <option
                  value="10"
                >
                  November
                </option>
                <option
                  value="11"
                >
                  December
                </option>
              </select>
            </div>
          </div>
        </div>
      </div>
      <button
        class="mdc-button mdc-button--outlined"
        style="margin: 1em;"
      >
        <div
          class="mdc-button__ripple"
        />
        <span
          class="mdc-button__label"
        >
          Export
        </span>
      </button>
    </div>
    <div
      class="flex  vertical"
      style="padding-right: 1em; align-items: flex-end;"
    />
    <ul
      class="mdc-list"
      style="width: 100%;"
    >
      <li
        class="mdc-list-divider"
        role="separator"
      />
      <li
        class="mdc-list-item mdc-list-item--disabled"
        tabindex="0"
      >
        <span
          class="mdc-list-item__text"
        >
          Total in September
        </span>
        <div
          class="mdc-list-item__meta"
        >
          0 hours
        </div>
      </li>
      <li
        class="mdc-list-divider"
        role="separator"
      />
    </ul>
  </div>
</DocumentFragment>
`;
